// Jest Snapshot v1, https://goo.gl/fbAQLP

exports[`TodoList should delete a todo 1`] = `[Function]`;

exports[`TodoList should render a list of todos 1`] = `[Function]`;

exports[`TodoList should render a todo list 1`] = `[Function]`;
